I'm sorry, but errors were detected in your script. Please correct the
errors listed below, and try again.


File "game/scripts/system/definitions/chrs/kiratani_hareka_defs.rpy", line 2: expected expression
    image side hareka = 
                        ^

Ren'Py Version: Ren'Py 8.1.3.23091805
Sun Jan 21 19:44:45 2024
